[html.modeltheme.com/cryptic/index.html]
[html.modeltheme.com/cryptic/assets/images/favicon.png]
[backblue.gif]
[fade.gif]
[index.html]
[html.modeltheme.com/cryptic/assets/plugins/bootstrap/bootstrap.min.css]
[html.modeltheme.com/cryptic/assets/fonts/cryptocoins.css]
[html.modeltheme.com/cryptic/assets/css/simple-line-icons.css]
[html.modeltheme.com/cryptic/assets/css/font-awesome.min.css]
[html.modeltheme.com/cryptic/assets/css/font-awesome-animation.min.css]
[html.modeltheme.com/cryptic/assets/plugins/select2/select2.min.css]
[html.modeltheme.com/cryptic/assets/css/custom.css]
[html.modeltheme.com/cryptic/assets/css/skin-colors/skin-yellow.css]
[html.modeltheme.com/cryptic/assets/css/media.css]
[html.modeltheme.com/cryptic/assets/plugins/rickshaw/rickshaw.min.css]
[html.modeltheme.com/cryptic/assets/images/cryptic-logo.png]
[html.modeltheme.com/cryptic/dashboard-v1.html]
[html.modeltheme.com/cryptic/dashboard-v2.html]
[html.modeltheme.com/cryptic/dashboard-v3.html]
[html.modeltheme.com/cryptic/dashboard.html]
[html.modeltheme.com/cryptic/tables.transactions.html]
[html.modeltheme.com/cryptic/mining-pool-shares.html]
[html.modeltheme.com/cryptic/tables.top-gainers-losers.html]
[html.modeltheme.com/cryptic/tables.market-capitalizations.html]
[html.modeltheme.com/cryptic/tables.crypto-stats.html]
[html.modeltheme.com/cryptic/ico-distribution-countdown.html]
[html.modeltheme.com/cryptic/ico-roadmap-timeline.html]
[html.modeltheme.com/cryptic/ico-progress.html]
[html.modeltheme.com/cryptic/ico-details.html]
[html.modeltheme.com/cryptic/ico-listing-3-colums.html]
[html.modeltheme.com/cryptic/ico-listing-3-colums-isotope-filter.html]
[html.modeltheme.com/cryptic/ico-listing-4-colums.html]
[html.modeltheme.com/cryptic/ico-listing-4-colums-isotope-filter.html]
[html.modeltheme.com/cryptic/exchange.html]
[html.modeltheme.com/cryptic/members.html]
[html.modeltheme.com/cryptic/members-v2.html]
[html.modeltheme.com/cryptic/members-list.html]
[html.modeltheme.com/cryptic/member-profile.html]
[html.modeltheme.com/cryptic/tickers-dark.html]
[html.modeltheme.com/cryptic/tickers-light.html]
[html.modeltheme.com/cryptic/pricing-tables-live.html]
[html.modeltheme.com/cryptic/search.html]
[html.modeltheme.com/cryptic/crypto_address.html]
[html.modeltheme.com/cryptic/counter-transactions.html]
[html.modeltheme.com/cryptic/candlestick-charts.html]
[html.modeltheme.com/cryptic/chart-depth-chart.html]
[html.modeltheme.com/cryptic/ricksaw-chart-realtime.html]
[html.modeltheme.com/cryptic/chartjs-bar-chart-vertical.html]
[html.modeltheme.com/cryptic/chartjs-line-chart.html]
[html.modeltheme.com/cryptic/chartjs-line-point-sizes.html]
[html.modeltheme.com/cryptic/chartjs-line-styles-chart.html]
[html.modeltheme.com/cryptic/events-calendar.html]
[html.modeltheme.com/cryptic/event-create.html]
[html.modeltheme.com/cryptic/invoice-create.html]
[html.modeltheme.com/cryptic/invoice-single.html]
[html.modeltheme.com/cryptic/invoice-list.html]
[html.modeltheme.com/cryptic/market-compare.html]
[html.modeltheme.com/cryptic/market-compare-v2.html]
[html.modeltheme.com/cryptic/market-compare-v3.html]
[html.modeltheme.com/cryptic/live-coin.html]
[html.modeltheme.com/cryptic/bootstrap.ui.kit.html]
[html.modeltheme.com/cryptic/grid_system.html]
[html.modeltheme.com/cryptic/paragraphs.html]
[html.modeltheme.com/cryptic/pricing-tables-v1.html]
[html.modeltheme.com/cryptic/pricing-tables-v2.html]
[html.modeltheme.com/cryptic/mailbox.html]
[html.modeltheme.com/cryptic/blog-posts-grid.html]
[html.modeltheme.com/cryptic/faq.html]
[html.modeltheme.com/cryptic/stepper.html]
[html.modeltheme.com/cryptic/sweetalert.html]
[html.modeltheme.com/cryptic/social-media-buttons.html]
[html.modeltheme.com/cryptic/button-toggle.html]
[html.modeltheme.com/cryptic/notifications.html]
[html.modeltheme.com/cryptic/rating.html]
[html.modeltheme.com/cryptic/range-slider.html]
[html.modeltheme.com/cryptic/icons.html]
[html.modeltheme.com/cryptic/icons-cryptocurrencies.html]
[html.modeltheme.com/cryptic/blank.html]
[html.modeltheme.com/cryptic/level2.html]
[html.modeltheme.com/cryptic/register.html]
[html.modeltheme.com/cryptic/register-v2.html]
[html.modeltheme.com/cryptic/login.html]
[html.modeltheme.com/cryptic/login-v2.html]
[html.modeltheme.com/cryptic/maintenance.html]
[html.modeltheme.com/cryptic/password.html]
[html.modeltheme.com/cryptic/reset-password.html]
[html.modeltheme.com/cryptic/confirm-mail.html]
[html.modeltheme.com/cryptic/404-error.html]
[html.modeltheme.com/cryptic/assets/images/profile-pic.jpg]
[html.modeltheme.com/cryptic/assets/images/united-kingdom.svg]
[html.modeltheme.com/cryptic/assets/images/france.svg]
[html.modeltheme.com/cryptic/assets/images/germany.svg]
[html.modeltheme.com/cryptic/assets/images/italy.svg]
[html.modeltheme.com/cryptic/assets/images/spain.svg]
[html.modeltheme.com/cryptic/assets/images/exchange-background.png]
[html.modeltheme.com/cryptic/assets/js/jquery.min.js]
[html.modeltheme.com/cryptic/assets/js/jquery.scrollbar.min.js]
[html.modeltheme.com/cryptic/assets/plugins/modernizr/modernizr.custom.js]
[html.modeltheme.com/cryptic/assets/plugins/classie/classie.js]
[html.modeltheme.com/cryptic/assets/plugins/bootstrap/bootstrap.min.js]
[html.modeltheme.com/cryptic/assets/plugins/select2/select2.min.js]
[html.modeltheme.com/cryptic/assets/plugins/highcharts/highcharts.js]
[html.modeltheme.com/cryptic/assets/plugins/highcharts/exporting.js]
[html.modeltheme.com/cryptic/assets/js/charts.js]
[html.modeltheme.com/cryptic/assets/plugins/amcharts/amcharts.js]
[html.modeltheme.com/cryptic/assets/plugins/amcharts/depthChart/serial.js]
[html.modeltheme.com/cryptic/assets/plugins/amcharts/depthChart/export.min.js]
[html.modeltheme.com/cryptic/assets/plugins/amcharts/depthChart/light.js]
[html.modeltheme.com/cryptic/assets/js/charts-amcharts.js]
[html.modeltheme.com/cryptic/assets/js/custom.min.js]
[html.modeltheme.com/cryptic/index.html]
[html.modeltheme.com/cryptic/assets/js/preloader.min.js]
[html.modeltheme.com/cryptic/assets/fonts/glyphicons-halflings-regular.eot]
[html.modeltheme.com/cryptic/assets/fonts/glyphicons-halflings-regulard41d.eot]
[html.modeltheme.com/cryptic/assets/plugins/fonts/glyphicons-halflings-regular.woff2]
[html.modeltheme.com/cryptic/assets/plugins/fonts/glyphicons-halflings-regular.woff]
[html.modeltheme.com/cryptic/assets/plugins/fonts/glyphicons-halflings-regular.ttf]
[html.modeltheme.com/cryptic/assets/plugins/fonts/glyphicons-halflings-regular.svg]
[html.modeltheme.com/cryptic/assets/plugins/bootstrap/bootstrap.min.css]
[html.modeltheme.com/cryptic/assets/fonts/cryptocoins.woff2]
[html.modeltheme.com/cryptic/assets/fonts/cryptocoins.woff]
[html.modeltheme.com/cryptic/assets/fonts/cryptocoins.css]
[html.modeltheme.com/cryptic/assets/fonts/cryptocoins.ttf]
[html.modeltheme.com/cryptic/assets/fonts/Simple-Line-Iconsb26c.eot]
[html.modeltheme.com/cryptic/assets/fonts/Simple-Line-Iconsb26c.woff2]
[html.modeltheme.com/cryptic/assets/fonts/Simple-Line-Iconsb26c.ttf]
[html.modeltheme.com/cryptic/assets/fonts/Simple-Line-Iconsb26c.woff]
[html.modeltheme.com/cryptic/assets/css/simple-line-icons.css]
[html.modeltheme.com/cryptic/assets/fonts/Simple-Line-Iconsb26c.svg]
[html.modeltheme.com/cryptic/assets/fonts/fontawesome-webfont3e6e.eot]
[html.modeltheme.com/cryptic/assets/fonts/fontawesome-webfontd41d.eot]
[html.modeltheme.com/cryptic/assets/fonts/fontawesome-webfont3e6e.woff2]
[html.modeltheme.com/cryptic/assets/fonts/fontawesome-webfont3e6e.woff]
[html.modeltheme.com/cryptic/assets/fonts/fontawesome-webfont3e6e.ttf]
[html.modeltheme.com/cryptic/assets/css/font-awesome.min.css]
[html.modeltheme.com/cryptic/assets/css/font-awesome-animation.min.css]
[html.modeltheme.com/cryptic/assets/plugins/select2/select2.min.css]
[html.modeltheme.com/cryptic/assets/fonts/fontawesome-webfont3e6e.svg]
[html.modeltheme.com/cryptic/assets/images/logo.png]
[html.modeltheme.com/cryptic/assets/images/down-arrow.svg]
[html.modeltheme.com/cryptic/assets/images/delimiter.png]
[html.modeltheme.com/cryptic/assets/images/delimiter-black.png]
[html.modeltheme.com/cryptic/assets/images/counter.jpg]
[html.modeltheme.com/cryptic/assets/img/cd-icon-arrow.svg]
[s3-us-west-2.amazonaws.com/s.cdpn.io/269193/arrow-down.png]
[html.modeltheme.com/cryptic/assets/css/custom.css]
[html.modeltheme.com/cryptic/assets/css/skin-colors/skin-yellow.css]
[html.modeltheme.com/cryptic/assets/css/media.css]
[html.modeltheme.com/cryptic/assets/plugins/rickshaw/rickshaw.min.css]
[html.modeltheme.com/cryptic/assets/plugins/dataTables/jquery.dataTables.min.css]
[html.modeltheme.com/cryptic/assets/plugins/dataTables/jquery.dataTables.min.js]
[html.modeltheme.com/cryptic/assets/plugins/amcharts/amstock.js]
[html.modeltheme.com/cryptic/assets/plugins/amcharts/candlestick-charts.js]
[html.modeltheme.com/cryptic/dashboard-v1.html]
[html.modeltheme.com/cryptic/assets/plugins/sparkline/jquery.sparkline.min.js]
[html.modeltheme.com/cryptic/assets/plugins/calendar/fullcalendar.css]
[html.modeltheme.com/cryptic/assets/plugins/calendar/jquery.qtip.css]
[html.modeltheme.com/cryptic/assets/plugins/calendar/moment.min.js]
[html.modeltheme.com/cryptic/assets/plugins/calendar/fullcalendar.min.js]
[html.modeltheme.com/cryptic/assets/plugins/calendar/jquery.qtip.js]
[html.modeltheme.com/cryptic/assets/plugins/chartjs/Chart.bundle.js]
[html.modeltheme.com/cryptic/dashboard-v2.html]
[html.modeltheme.com/cryptic/dashboard-v3.html]
[html.modeltheme.com/cryptic/dashboard.html]
[html.modeltheme.com/cryptic/tables.transactions.html]
[html.modeltheme.com/cryptic/assets/plugins/chartjs/utils.js]
[html.modeltheme.com/cryptic/assets/plugins/amcharts/export.css]
[html.modeltheme.com/cryptic/assets/plugins/amcharts/pie-chart.css]
[html.modeltheme.com/cryptic/assets/plugins/amcharts/pie.js]
[html.modeltheme.com/cryptic/mining-pool-shares.html]
[html.modeltheme.com/cryptic/tables.top-gainers-losers.html]
[html.modeltheme.com/cryptic/tables.market-capitalizations.html]
[html.modeltheme.com/cryptic/tables.crypto-stats.html]
[html.modeltheme.com/cryptic/assets/plugins/amcharts/pie-chart.js]
[html.modeltheme.com/cryptic/assets/images/countdown-background.png]
[html.modeltheme.com/cryptic/ico-distribution-countdown.html]
[html.modeltheme.com/cryptic/assets/plugins/flipclock/flipclock.js]
[html.modeltheme.com/cryptic/assets/images/cryptic-icon.png]
[html.modeltheme.com/cryptic/ico-roadmap-timeline.html]
[html.modeltheme.com/cryptic/ico-progress.html]
[html.modeltheme.com/cryptic/assets/plugins/fancybox/jquery.fancybox.min.css]
[cdnjs.cloudflare.com/ajax/libs/fancybox/2.1.5/jquery.fancybox.min.css]
[html.modeltheme.com/cryptic/assets/images/ico_type_img1.jpg]
[html.modeltheme.com/cryptic/assets/images/ico_type_img2.jpg]
[html.modeltheme.com/cryptic/assets/images/ico_type_img3.jpg]
[html.modeltheme.com/cryptic/assets/plugins/fancybox/jquery.fancybox.min.js]
[cdnjs.cloudflare.com/ajax/libs/fancybox/2.1.5/jquery.fancybox.min.js]
[html.modeltheme.com/cryptic/ico-details.html]
[html.modeltheme.com/cryptic/index]
[html.modeltheme.com/cryptic/ico-listing-3-colums.html]
[html.modeltheme.com/cryptic/assets/plugins/isotope/jquery-2.1.1.js]
[html.modeltheme.com/cryptic/assets/plugins/isotope/jquery.mixitup.min.js]
[html.modeltheme.com/cryptic/assets/plugins/isotope/main.js]
[html.modeltheme.com/cryptic/ico-listing-3-colums-isotope-filter.html]
[html.modeltheme.com/cryptic/ico-listing-4-colums.html]
[html.modeltheme.com/cryptic/ico-listing-4-colums-isotope-filter.html]
[html.modeltheme.com/cryptic/exchange.html]
[html.modeltheme.com/cryptic/assets/plugins/isotope/modernizr.js]
[html.modeltheme.com/cryptic/assets/images/bitcurrency_member1.jpg]
[html.modeltheme.com/cryptic/assets/images/bitcurrency_member2.jpg]
[html.modeltheme.com/cryptic/assets/images/bitcurrency_member3.jpg]
[html.modeltheme.com/cryptic/assets/images/bitcurrency-team4.jpg]
[html.modeltheme.com/cryptic/assets/images/bitcurrency-team5.jpg]
[html.modeltheme.com/cryptic/members.html]
[html.modeltheme.com/cryptic/members-v2.html]
[html.modeltheme.com/cryptic/members-list.html]
[html.modeltheme.com/cdn-cgi/scripts/5c5dd728/cloudflare-static/email-decode.min.js]
[html.modeltheme.com/cryptic/assets/js/filereader.js]
[html.modeltheme.com/cryptic/member-profile.html]
[html.modeltheme.com/cryptic/assets/plugins/sweetalert/sweetalert.min.js]
[html.modeltheme.com/cryptic/tickers-dark.html]
[html.modeltheme.com/cryptic/tickers-light.html]
[html.modeltheme.com/cryptic/pricing-tables-live.html]
[html.modeltheme.com/cryptic/assets/plugins/webticker/jquery.webticker.min.js]
[html.modeltheme.com/cryptic/imdex.html]
[html.modeltheme.com/cryptic/assets/plugins/d3/d3.min.js]
[html.modeltheme.com/cryptic/assets/plugins/d3/d3.layout.min.js]
[html.modeltheme.com/cryptic/assets/plugins/rickshaw/rickshaw.min.js]
[html.modeltheme.com/cryptic/search.html]
[html.modeltheme.com/cryptic/assets/js/charts-rickshaw.js]
[html.modeltheme.com/cryptic/assets/images/codeQR.jpg]
[html.modeltheme.com/cryptic/crypto_address.html]
[html.modeltheme.com/cryptic/assets/images/background1.png]
[html.modeltheme.com/cryptic/assets/plugins/counter-transaction/jquery.appear.js]
[html.modeltheme.com/cryptic/counter-transactions.html]
[html.modeltheme.com/cryptic/assets/plugins/counter-transaction/jquery.countTo.js]
[www.amcharts.com/lib/3/plugins/export/export.css]
[html.modeltheme.com/cryptic/candlestick-charts.html]
[html.modeltheme.com/cryptic/chart-depth-chart.html]
[html.modeltheme.com/cryptic/assets/plugins/amcharts/serial.js]
[html.modeltheme.com/cryptic/assets/css/fontello-embedded.css]
[html.modeltheme.com/cryptic/ricksaw-chart-realtime.html]
[html.modeltheme.com/cryptic/chartjs-bar-chart-vertical.html]
[html.modeltheme.com/cryptic/chartjs-line-chart.html]
[html.modeltheme.com/cryptic/chartjs-line-point-sizes.html]
[html.modeltheme.com/cryptic/chartjs-line-styles-chart.html]
[html.modeltheme.com/cryptic/events-calendar.html]
[html.modeltheme.com/cryptic/event-create.html]
[html.modeltheme.com/cryptic/invoice-create.html]
[html.modeltheme.com/cryptic/invoice-single.html]
[html.modeltheme.com/cryptic/invoice-list.html]
[html.modeltheme.com/cryptic/assets/plugins/tabStyles/normalize.css]
[html.modeltheme.com/cryptic/assets/plugins/tabStyles/demo.css]
[html.modeltheme.com/cryptic/assets/plugins/tabStyles/tabs.css]
[html.modeltheme.com/cryptic/assets/plugins/tabStyles/tabstyles.css]
[html.modeltheme.com/cryptic/assets/plugins/tabStyles/modernizr.custom.js]
[html.modeltheme.com/cryptic/market-compare.html]
[html.modeltheme.com/cryptic/market-compare-v2.html]
[html.modeltheme.com/cryptic/market-compare-v3.html]
[html.modeltheme.com/cryptic/live-coin.html]
[html.modeltheme.com/cryptic/assets/plugins/tabStyles/cbpFWTabs.js]
[html.modeltheme.com/cryptic/assets/css/index.css]
[html.modeltheme.com/cryptic/assets/js/bootstrap-wysiwyg.js]
[html.modeltheme.com/cryptic/bootstrap.ui.kit.html]
[html.modeltheme.com/cryptic/grid_system.html]
[html.modeltheme.com/cryptic/paragraphs.html]
[html.modeltheme.com/cryptic/pricing-tables-v1.html]
[html.modeltheme.com/cryptic/pricing-tables-v2.html]
[html.modeltheme.com/cryptic/mailbox.html]
[html.modeltheme.com/cryptic/assets/plugins/mailbox/mailbox.css]
[html.modeltheme.com/cryptic/assets/images/blog1.jpg]
[html.modeltheme.com/cryptic/assets/images/blog2.jpg]
[html.modeltheme.com/cryptic/assets/images/blog3.jpg]
[html.modeltheme.com/cryptic/assets/images/blog4.jpg]
[html.modeltheme.com/cryptic/blog-posts-grid.html]
[html.modeltheme.com/cryptic/faq.html]
[html.modeltheme.com/cryptic/stepper.html]
[html.modeltheme.com/cryptic/sweetalert.html]
[html.modeltheme.com/cryptic/social-media-buttons.html]
[html.modeltheme.com/cryptic/button-toggle.html]
[html.modeltheme.com/cryptic/assets/plugins/trumbowyg/trumbowyg.min.css]
[html.modeltheme.com/cryptic/assets/plugins/notifications/toastr.css]
[html.modeltheme.com/cryptic/notifications.html]
[html.modeltheme.com/cryptic/rating.html]
[html.modeltheme.com/cryptic/assets/plugins/notifications/toastr.js]
[html.modeltheme.com/cryptic/assets/plugins/range-slider/normalize.css]
[html.modeltheme.com/cryptic/assets/plugins/range-slider/rangeSlider.css]
[html.modeltheme.com/cryptic/assets/plugins/range-slider/rangeSlider.skinFlat.css]
[html.modeltheme.com/cryptic/range-slider.html]
[html.modeltheme.com/cryptic/icons.html]
[html.modeltheme.com/cryptic/icons-cryptocurrencies.html]
[html.modeltheme.com/cryptic/blank.html]
[html.modeltheme.com/cryptic/level2.html]
[html.modeltheme.com/cryptic/assets/plugins/range-slider/rangeSlider.js]
[html.modeltheme.com/cryptic/assets/images/background.png]
[html.modeltheme.com/cryptic/assets/images/logo1.png]
[html.modeltheme.com/cryptic/register.html]
[html.modeltheme.com/cryptic/assets/images/background_register.png]
[html.modeltheme.com/cryptic/register-v2.html]
[html.modeltheme.com/cryptic/login.html]
[html.modeltheme.com/cryptic/login-v2.html]
[html.modeltheme.com/cryptic/assets/images/maintenance.png]
[html.modeltheme.com/cryptic/maintenance.html]
[html.modeltheme.com/cryptic/password.html]
[html.modeltheme.com/cryptic/reset-password.html]
[html.modeltheme.com/cryptic/assets/images/mail.png]
[html.modeltheme.com/cryptic/confirm-mail.html]
[html.modeltheme.com/cryptic/assets/images/404.png]
[html.modeltheme.com/cryptic/404-error.html]
[html.modeltheme.com/cryptic/assets/images/united-kingdom.svg]
[html.modeltheme.com/cryptic/assets/images/france.svg]
[html.modeltheme.com/cryptic/assets/images/germany.svg]
[html.modeltheme.com/cryptic/assets/images/italy.svg]
[html.modeltheme.com/cryptic/assets/images/spain.svg]
[html.modeltheme.com/cryptic/assets/plugins/fonts/glyphicons-halflings-regular.html]
[html.modeltheme.com/cryptic/assets/plugins/fonts/glyphicons-halflings-regular-2.html]
[html.modeltheme.com/cryptic/assets/plugins/fonts/glyphicons-halflings-regular-3.html]
[html.modeltheme.com/cryptic/assets/plugins/fonts/glyphicons-halflings-regular-4.html]
[html.modeltheme.com/cryptic/assets/fonts/Simple-Line-Iconsb26c.svg]
[html.modeltheme.com/cryptic/assets/fonts/fontawesome-webfont3e6e.svg]
[html.modeltheme.com/cryptic/assets/images/down-arrow.svg]
[html.modeltheme.com/cryptic/assets/img/cd-icon-arrow.html]
[html.modeltheme.com/cryptic/assets/plugins/images/sort_both.png]
[html.modeltheme.com/cryptic/assets/plugins/images/sort_asc.png]
[html.modeltheme.com/cryptic/assets/plugins/images/sort_desc.png]
[html.modeltheme.com/cryptic/assets/plugins/images/sort_asc_disabled.png]
[html.modeltheme.com/cryptic/assets/plugins/images/sort_desc_disabled.png]
[html.modeltheme.com/cryptic/assets/plugins/dataTables/jquery.dataTables.min.css]
[html.modeltheme.com/cryptic/assets/plugins/calendar/fullcalendar.css]
[html.modeltheme.com/cryptic/assets/plugins/calendar/jquery.qtip.css]
[html.modeltheme.com/cryptic/assets/plugins/amcharts/export.css]
[html.modeltheme.com/cryptic/assets/plugins/amcharts/pie-chart.css]
[html.modeltheme.com/cryptic/assets/plugins/fancybox/fancybox_loading.gif]
[html.modeltheme.com/cryptic/assets/plugins/fancybox/blank.gif]
[html.modeltheme.com/cryptic/assets/plugins/fancybox/fancybox_overlay.png]
[html.modeltheme.com/cryptic/assets/plugins/fancybox/fancybox_sprite@2x.png]
[html.modeltheme.com/cryptic/assets/plugins/fancybox/fancybox_loading@2x.gif]
[html.modeltheme.com/cryptic/assets/plugins/fancybox/jquery.fancybox.min.css]
[cdnjs.cloudflare.com/ajax/libs/fancybox/2.1.5/fancybox_sprite.png]
[cdnjs.cloudflare.com/ajax/libs/fancybox/2.1.5/fancybox_loading.gif]
[cdnjs.cloudflare.com/ajax/libs/fancybox/2.1.5/blank.gif]
[cdnjs.cloudflare.com/ajax/libs/fancybox/2.1.5/fancybox_overlay.png]
[cdnjs.cloudflare.com/ajax/libs/fancybox/2.1.5/fancybox_sprite@2x.png]
[cdnjs.cloudflare.com/ajax/libs/fancybox/2.1.5/fancybox_loading@2x.gif]
[cdnjs.cloudflare.com/ajax/libs/fancybox/2.1.5/jquery.fancybox.min.css]
[html.modeltheme.com/cryptic/assets/plugins/fancybox/jquery.fancybox.min.html]
[html.modeltheme.com/cryptic/index-2.html]
[html.modeltheme.com/cryptic/imdex.html]
[www.amcharts.com/lib/3/plugins/export/export.css]
[html.modeltheme.com/cryptic/assets/css/fontello-embedded.html]
[html.modeltheme.com/cryptic/assets/plugins/tabStyles/normalize.css]
[html.modeltheme.com/cryptic/assets/plugins/fonts/codropsicons/codropsicons.eot]
[html.modeltheme.com/cryptic/assets/plugins/fonts/codropsicons/codropsiconsd41d.eot]
[html.modeltheme.com/cryptic/assets/plugins/fonts/codropsicons/codropsicons.woff]
[html.modeltheme.com/cryptic/assets/plugins/fonts/codropsicons/codropsicons.ttf]
[html.modeltheme.com/cryptic/assets/plugins/fonts/codropsicons/codropsicons.svg]
[html.modeltheme.com/cryptic/assets/plugins/tabStyles/demo.css]
[html.modeltheme.com/cryptic/assets/plugins/fonts/stroke7pixeden/stroke7pixeden2a61.eot]
[html.modeltheme.com/cryptic/assets/plugins/fonts/stroke7pixeden/stroke7pixedend41d.eot]
[html.modeltheme.com/cryptic/assets/plugins/fonts/stroke7pixeden/stroke7pixeden2a61.woff]
[html.modeltheme.com/cryptic/assets/plugins/fonts/stroke7pixeden/stroke7pixeden2a61.ttf]
[html.modeltheme.com/cryptic/assets/plugins/fonts/stroke7pixeden/stroke7pixeden2a61.svg]
[html.modeltheme.com/cryptic/assets/plugins/tabStyles/tabs.css]
[html.modeltheme.com/cryptic/assets/plugins/tabStyles/tabstyles.css]
[html.modeltheme.com/cryptic/assets/css/index.html]
[html.modeltheme.com/cryptic/assets/js/bootstrap-wysiwyg.html]
[html.modeltheme.com/cryptic/assets/plugins/mailbox/mailbox.css]
[html.modeltheme.com/cryptic/assets/plugins/trumbowyg/trumbowyg.min.css]
[html.modeltheme.com/cryptic/assets/plugins/notifications/toastr.css]
[html.modeltheme.com/cryptic/assets/plugins/range-slider/normalize.css]
[html.modeltheme.com/cryptic/assets/plugins/range-slider/rangeSlider.css]
[html.modeltheme.com/cryptic/assets/plugins/range-slider/img/sprite-skin-flat-y.png]
[html.modeltheme.com/cryptic/assets/plugins/range-slider/rangeSlider.skinFlat.css]
[html.modeltheme.com/cryptic/assets/plugins/images/sort_both.html]
[html.modeltheme.com/cryptic/assets/plugins/images/sort_asc.html]
[html.modeltheme.com/cryptic/assets/plugins/images/sort_desc.html]
[html.modeltheme.com/cryptic/assets/plugins/images/sort_asc_disabled.html]
[html.modeltheme.com/cryptic/assets/plugins/images/sort_desc_disabled.html]
[html.modeltheme.com/cryptic/assets/plugins/fancybox/fancybox_loading.html]
[html.modeltheme.com/cryptic/assets/plugins/fancybox/blank.html]
[html.modeltheme.com/cryptic/assets/plugins/fancybox/fancybox_overlay.html]
[html.modeltheme.com/cryptic/assets/plugins/fancybox/fancybox_sprite@2x.html]
[html.modeltheme.com/cryptic/assets/plugins/fancybox/fancybox_loading@2x.html]
[html.modeltheme.com/cryptic/assets/plugins/fonts/codropsicons/codropsicons.html]
[html.modeltheme.com/cryptic/assets/plugins/fonts/codropsicons/codropsiconsd41d.html]
[html.modeltheme.com/cryptic/assets/plugins/fonts/codropsicons/codropsicons-2.html]
[html.modeltheme.com/cryptic/assets/plugins/fonts/codropsicons/codropsicons-3.html]
[html.modeltheme.com/cryptic/assets/plugins/fonts/codropsicons/codropsicons-4.html]
[html.modeltheme.com/cryptic/assets/plugins/fonts/stroke7pixeden/stroke7pixeden2a61.html]
[html.modeltheme.com/cryptic/assets/plugins/fonts/stroke7pixeden/stroke7pixedend41d.html]
[html.modeltheme.com/cryptic/assets/plugins/fonts/stroke7pixeden/stroke7pixeden2a61-2.html]
[html.modeltheme.com/cryptic/assets/plugins/fonts/stroke7pixeden/stroke7pixeden2a61-3.html]
[html.modeltheme.com/cryptic/assets/plugins/fonts/stroke7pixeden/stroke7pixeden2a61-4.html]
